BL51 BANKED LINKER/LOCATER V6.22                                                        11/30/2024  20:07:00  PAGE 1


BL51 BANKED LINKER/LOCATER V6.22, INVOKED BY:
D:\51ALL\KELI5\C51\BIN\BL51.EXE .\Objects\main.obj, .\Objects\Delay.obj, .\Objects\LCD1602.obj, .\Objects\MatrixKey.obj,
>>  .\Objects\Timer0.obj, .\Objects\Buzzer.obj TO .\Objects\project PRINT (.\Listings\project.m51) RAMSIZE (256) DISABLE
>> WARNING (16)


MEMORY MODEL: SMALL


INPUT MODULES INCLUDED:
  .\Objects\main.obj (MAIN)
  .\Objects\Delay.obj (DELAY)
  .\Objects\LCD1602.obj (LCD1602)
  .\Objects\MatrixKey.obj (MATRIXKEY)
  .\Objects\Timer0.obj (TIMER0)
  .\Objects\Buzzer.obj (BUZZER)
  D:\51ALL\KELI5\C51\LIB\C51S.LIB (?C_STARTUP)
  D:\51ALL\KELI5\C51\LIB\C51S.LIB (?C?CLDOPTR)
  D:\51ALL\KELI5\C51\LIB\C51S.LIB (?C?IMUL)
  D:\51ALL\KELI5\C51\LIB\C51S.LIB (?C?UIDIV)
  D:\51ALL\KELI5\C51\LIB\C51S.LIB (?C_INIT)


LINK MAP OF MODULE:  .\Objects\project (MAIN)


            TYPE    BASE      LENGTH    RELOCATION   SEGMENT NAME
            -----------------------------------------------------

            * * * * * * *   D A T A   M E M O R Y   * * * * * * *
            REG     0000H     0008H     ABSOLUTE     "REG BANK 0"
            DATA    0008H     000AH     UNIT         ?DT?MAIN
            DATA    0012H     0009H     UNIT         _DATA_GROUP_
            DATA    001BH     0005H     UNIT         ?DT?_LCD_SHOWHEXNUM?LCD1602
            BIT     0020H.0   0000H.1   UNIT         ?BI?MAIN
                    0020H.1   0000H.7                *** GAP ***
            DATA    0021H     0007H     UNIT         ?DT?_LCD_SHOWSIGNEDNUM?LCD1602
            DATA    0028H     0005H     UNIT         ?DT?_LCD_SHOWBINNUM?LCD1602
            IDATA   002DH     0001H     UNIT         ?STACK

            * * * * * * *   C O D E   M E M O R Y   * * * * * * *
            CODE    0000H     0003H     ABSOLUTE     
            CODE    0003H     0006H     UNIT         ?PR?BUZZER_DELAY500US?BUZZER
                    0009H     0002H                  *** GAP ***
            CODE    000BH     0003H     ABSOLUTE     
            CODE    000EH     0252H     UNIT         ?PR?MAIN?MAIN
            CODE    0260H     0189H     UNIT         ?PR?MATRIXKEY?MATRIXKEY
            CODE    03E9H     0094H     UNIT         ?C?LIB_CODE
            CODE    047DH     008CH     UNIT         ?C_C51STARTUP
            CODE    0509H     005DH     UNIT         ?PR?TIMER0_ROUTINE?MAIN
            CODE    0566H     0049H     UNIT         ?CO?MAIN
            CODE    05AFH     003AH     UNIT         ?PR?_LCD_SHOWSIGNEDNUM?LCD1602
            CODE    05E9H     0039H     UNIT         ?PR?_LCD_SHOWHEXNUM?LCD1602
            CODE    0622H     0038H     UNIT         ?PR?_LCD_SHOWBINNUM?LCD1602
            CODE    065AH     0033H     UNIT         ?PR?_LCD_POW?LCD1602
            CODE    068DH     0023H     UNIT         ?PR?_LCD_SHOWSTRING?LCD1602
            CODE    06B0H     0022H     UNIT         ?PR?_BUZZER_TIME?BUZZER
            CODE    06D2H     001EH     UNIT         ?PR?_LCD_WRITEDATA?LCD1602
BL51 BANKED LINKER/LOCATER V6.22                                                      11/30/2024  20:07:00  PAGE 2


            CODE    06F0H     001DH     UNIT         ?PR?_LCD_SHOWNUM?LCD1602
            CODE    070DH     0016H     UNIT         ?PR?_LCD_SETCURSOR?LCD1602
            CODE    0723H     0014H     UNIT         ?PR?_DELAY?DELAY
            CODE    0737H     0014H     UNIT         ?PR?LCD_INIT?LCD1602
            CODE    074BH     0014H     UNIT         ?PR?TIMER0INIT?TIMER0
            CODE    075FH     0010H     UNIT         ?C_INITSEG
            CODE    076FH     000FH     UNIT         ?PR?LCD_DELAY?LCD1602
            CODE    077EH     000AH     UNIT         ?PR?_LCD_WRITECOMMAND?LCD1602
            CODE    0788H     000AH     UNIT         ?PR?_LCD_SHOWCHAR?LCD1602



OVERLAY MAP OF MODULE:   .\Objects\project (MAIN)


SEGMENT                                  DATA_GROUP 
  +--> CALLED SEGMENT                  START    LENGTH
------------------------------------------------------
?C_C51STARTUP                          -----    -----
  +--> ?PR?MAIN?MAIN
  +--> ?C_INITSEG

?PR?MAIN?MAIN                          -----    -----
  +--> ?PR?LCD_INIT?LCD1602
  +--> ?PR?TIMER0INIT?TIMER0
  +--> ?CO?MAIN
  +--> ?PR?_LCD_SHOWSTRING?LCD1602
  +--> ?PR?_LCD_SHOWNUM?LCD1602
  +--> ?PR?MATRIXKEY?MATRIXKEY
  +--> ?PR?_BUZZER_TIME?BUZZER

?PR?LCD_INIT?LCD1602                   -----    -----
  +--> ?PR?_LCD_WRITECOMMAND?LCD1602

?PR?_LCD_WRITECOMMAND?LCD1602          -----    -----
  +--> ?PR?LCD_DELAY?LCD1602

?PR?_LCD_SHOWSTRING?LCD1602            0012H    0003H
  +--> ?PR?_LCD_SETCURSOR?LCD1602
  +--> ?PR?_LCD_WRITEDATA?LCD1602

?PR?_LCD_SETCURSOR?LCD1602             -----    -----
  +--> ?PR?_LCD_WRITECOMMAND?LCD1602

?PR?_LCD_WRITEDATA?LCD1602             -----    -----
  +--> ?PR?LCD_DELAY?LCD1602

?PR?_LCD_SHOWNUM?LCD1602               0012H    0005H
  +--> ?PR?_LCD_SETCURSOR?LCD1602
  +--> ?PR?_LCD_POW?LCD1602
  +--> ?PR?_LCD_WRITEDATA?LCD1602

?PR?_LCD_POW?LCD1602                   0017H    0004H

?PR?MATRIXKEY?MATRIXKEY                0012H    0001H
  +--> ?PR?_DELAY?DELAY

BL51 BANKED LINKER/LOCATER V6.22                                                      11/30/2024  20:07:00  PAGE 3


?PR?_BUZZER_TIME?BUZZER                -----    -----
  +--> ?PR?BUZZER_DELAY500US?BUZZER



SYMBOL TABLE OF MODULE:  .\Objects\project (MAIN)

  VALUE           TYPE          NAME
  ----------------------------------

  -------         MODULE        MAIN
  C:0000H         SYMBOL        _ICE_DUMMY_
  C:0509H         PUBLIC        Timer0_Routine
  D:000AH         PUBLIC        Count
  D:000CH         PUBLIC        Sec
  D:000DH         PUBLIC        Hour
  D:000EH         PUBLIC        Min
  C:000EH         PUBLIC        main
  B:00A8H.1       PUBLIC        ET0
  D:008CH         PUBLIC        TH0
  D:008AH         PUBLIC        TL0
  B:0088H.4       PUBLIC        TR0
  D:000FH         PUBLIC        Password
  D:0011H         PUBLIC        KeyNum
  B:0020H.0       PUBLIC        TimerRunning
  -------         PROC          MAIN
  C:000EH         LINE#         13
  C:000EH         LINE#         14
  C:000EH         LINE#         15
  C:0011H         LINE#         16
  C:0014H         LINE#         18
  C:0021H         LINE#         19
  C:002EH         LINE#         20
  C:003BH         LINE#         24
  C:003BH         LINE#         25
  C:003BH         LINE#         26
  C:004AH         LINE#         27
  C:0059H         LINE#         28
  C:0068H         LINE#         30
  C:006DH         LINE#         31
  C:0074H         LINE#         32
  C:0074H         LINE#         33
  C:0079H         LINE#         34
  C:0079H         LINE#         35
  C:0084H         LINE#         36
  C:0084H         LINE#         37
  C:0093H         LINE#         38
  C:00A4H         LINE#         39
  C:00ACH         LINE#         40
  C:00ACH         LINE#         41
  C:00BAH         LINE#         42
  C:00BAH         LINE#         43
  C:00C3H         LINE#         44
  C:00C3H         LINE#         45
  C:00D2H         LINE#         46
  C:00D2H         LINE#         47
  C:00DFH         LINE#         49
BL51 BANKED LINKER/LOCATER V6.22                                                      11/30/2024  20:07:00  PAGE 4


  C:00E4H         LINE#         50
  C:00F2H         LINE#         52
  C:00F2H         LINE#         53
  C:00F2H         LINE#         54
  C:0101H         LINE#         55
  C:0110H         LINE#         56
  C:011FH         LINE#         57
  C:012EH         LINE#         58
  C:012EH         LINE#         59
  C:013BH         LINE#         60
  C:0148H         LINE#         61
  C:0157H         LINE#         62
  C:0157H         LINE#         63
  C:015AH         LINE#         64
  C:0167H         LINE#         65
  C:016EH         LINE#         66
  C:016EH         LINE#         68
  C:016EH         LINE#         69
  C:018AH         LINE#         70
  C:0192H         LINE#         71
  C:0192H         LINE#         72
  C:0192H         LINE#         73
  C:01A1H         LINE#         74
  C:01B0H         LINE#         75
  C:01BFH         LINE#         76
  C:01CCH         LINE#         77
  C:01CEH         LINE#         78
  C:01CEH         LINE#         79
  C:01CEH         LINE#         81
  C:01CEH         LINE#         83
  C:01CEH         LINE#         84
  C:01DBH         LINE#         85
  C:01E0H         LINE#         86
  C:01E4H         LINE#         87
  C:01F2H         LINE#         89
  C:01F2H         LINE#         91
  C:01F2H         LINE#         92
  C:01F7H         LINE#         93
  C:01F7H         LINE#         94
  C:01FCH         LINE#         95
  C:0200H         LINE#         96
  C:020EH         LINE#         97
  C:021BH         LINE#         98
  C:021BH         LINE#         100
  C:021BH         LINE#         101
  C:0239H         LINE#         102
  C:0239H         LINE#         103
  C:023CH         LINE#         104
  C:0249H         LINE#         105
  C:0256H         LINE#         106
  C:025DH         LINE#         107
  C:025DH         LINE#         109
  -------         ENDPROC       MAIN
  -------         PROC          TIMER0_ROUTINE
  -------         DO            
  D:0008H         SYMBOL        T0Count
  -------         ENDDO         
BL51 BANKED LINKER/LOCATER V6.22                                                      11/30/2024  20:07:00  PAGE 5


  C:0509H         LINE#         114
  C:050DH         LINE#         117
  C:0510H         LINE#         118
  C:0513H         LINE#         119
  C:051BH         LINE#         120
  C:0524H         LINE#         121
  C:0524H         LINE#         122
  C:052AH         LINE#         123
  C:052CH         LINE#         124
  C:0532H         LINE#         125
  C:0532H         LINE#         126
  C:0535H         LINE#         127
  C:0537H         LINE#         128
  C:053EH         LINE#         129
  C:053EH         LINE#         130
  C:0541H         LINE#         131
  C:0543H         LINE#         132
  C:054AH         LINE#         133
  C:054AH         LINE#         134
  C:054DH         LINE#         136
  C:054DH         LINE#         137
  C:054DH         LINE#         138
  C:054FH         LINE#         139
  C:055BH         LINE#         140
  C:055BH         LINE#         142
  C:055DH         LINE#         143
  C:055FH         LINE#         144
  C:0561H         LINE#         145
  C:0561H         LINE#         147
  C:0561H         LINE#         149
  -------         ENDPROC       TIMER0_ROUTINE
  -------         ENDMOD        MAIN

  -------         MODULE        DELAY
  C:0000H         SYMBOL        _ICE_DUMMY_
  C:0723H         PUBLIC        _Delay
  -------         PROC          _DELAY
  D:0006H         SYMBOL        xms
  -------         DO            
  D:0005H         SYMBOL        i
  D:0004H         SYMBOL        j
  -------         ENDDO         
  C:0723H         LINE#         1
  C:0723H         LINE#         3
  C:0723H         LINE#         6
  C:0727H         LINE#         7
  C:0727H         LINE#         8
  C:0729H         LINE#         9
  C:072BH         LINE#         11
  C:072BH         LINE#         12
  C:072DH         LINE#         13
  C:072FH         LINE#         14
  C:0734H         LINE#         15
  C:0736H         LINE#         16
  -------         ENDPROC       _DELAY
  -------         ENDMOD        DELAY

BL51 BANKED LINKER/LOCATER V6.22                                                      11/30/2024  20:07:00  PAGE 6


  -------         MODULE        LCD1602
  C:0000H         SYMBOL        _ICE_DUMMY_
  D:0080H         PUBLIC        P0
  D:00A0H         PUBLIC        P2
  C:077EH         PUBLIC        _LCD_WriteCommand
  C:06F0H         PUBLIC        _LCD_ShowNum
  C:0622H         PUBLIC        _LCD_ShowBinNum
  C:0775H         PUBLIC        LCD_Delay
  C:05E9H         PUBLIC        _LCD_ShowHexNum
  C:06E6H         PUBLIC        _LCD_WriteData
  B:00A0H.7       PUBLIC        LCD_EN
  C:0737H         PUBLIC        LCD_Init
  C:068DH         PUBLIC        _LCD_ShowString
  C:0788H         PUBLIC        _LCD_ShowChar
  B:00A0H.6       PUBLIC        LCD_RS
  B:00A0H.5       PUBLIC        LCD_RW
  C:070DH         PUBLIC        _LCD_SetCursor
  C:05AFH         PUBLIC        _LCD_ShowSignedNum
  C:0666H         PUBLIC        _LCD_Pow
  -------         PROC          L?0048
  -------         ENDPROC       L?0048
  -------         PROC          LCD_DELAY
  -------         DO            
  D:0007H         SYMBOL        i
  D:0006H         SYMBOL        j
  -------         ENDDO         
  C:0775H         LINE#         15
  C:0775H         LINE#         16
  C:0775H         LINE#         19
  C:0777H         LINE#         20
  C:0779H         LINE#         22
  C:0779H         LINE#         23
  C:077BH         LINE#         24
  C:077DH         LINE#         25
  -------         ENDPROC       LCD_DELAY
  -------         PROC          _LCD_WRITECOMMAND
  D:0007H         SYMBOL        Command
  C:077EH         LINE#         32
  C:077EH         LINE#         33
  C:077EH         LINE#         34
  C:0780H         LINE#         35
  C:0780H         LINE#         36
  C:0780H         LINE#         37
  C:0780H         LINE#         38
  C:0783H         LINE#         39
  C:0785H         LINE#         40
  -------         ENDPROC       _LCD_WRITECOMMAND
  -------         PROC          L?0047
  -------         ENDPROC       L?0047
  -------         PROC          _LCD_WRITEDATA
  D:0007H         SYMBOL        Data
  C:06E6H         LINE#         48
  C:06E6H         LINE#         49
  C:06E6H         LINE#         50
  C:06E8H         LINE#         51
  C:06E8H         LINE#         52
  C:06E8H         LINE#         53
BL51 BANKED LINKER/LOCATER V6.22                                                      11/30/2024  20:07:00  PAGE 7


  C:06E8H         LINE#         54
  C:06EBH         LINE#         55
  C:06EDH         LINE#         56
  -------         ENDPROC       _LCD_WRITEDATA
  -------         PROC          _LCD_SETCURSOR
  D:0006H         SYMBOL        Line
  D:0005H         SYMBOL        Column
  C:070DH         LINE#         65
  C:070FH         LINE#         66
  C:070FH         LINE#         67
  C:0712H         LINE#         68
  C:0712H         LINE#         69
  C:0714H         LINE#         70
  C:0716H         LINE#         71
  C:0719H         LINE#         72
  C:0719H         LINE#         73
  C:0722H         LINE#         74
  C:0722H         LINE#         75
  -------         ENDPROC       _LCD_SETCURSOR
  -------         PROC          LCD_INIT
  C:0737H         LINE#         82
  C:0737H         LINE#         83
  C:0737H         LINE#         84
  C:073CH         LINE#         85
  C:0741H         LINE#         86
  C:0746H         LINE#         87
  -------         ENDPROC       LCD_INIT
  -------         PROC          _LCD_SHOWCHAR
  D:0006H         SYMBOL        Line
  D:0005H         SYMBOL        Column
  D:0004H         SYMBOL        Char
  C:0788H         LINE#         97
  C:078AH         LINE#         98
  C:078AH         LINE#         99
  C:078DH         LINE#         100
  -------         ENDPROC       _LCD_SHOWCHAR
  -------         PROC          _LCD_SHOWSTRING
  D:0007H         SYMBOL        Line
  D:0005H         SYMBOL        Column
  D:0012H         SYMBOL        String
  -------         DO            
  D:0005H         SYMBOL        i
  -------         ENDDO         
  C:068DH         LINE#         110
  C:0693H         LINE#         111
  C:0693H         LINE#         113
  C:0696H         LINE#         114
  C:06A9H         LINE#         115
  C:06A9H         LINE#         116
  C:06ACH         LINE#         117
  C:06AFH         LINE#         118
  -------         ENDPROC       _LCD_SHOWSTRING
  C:065CH         SYMBOL        L?0046
  -------         PROC          L?0045
  -------         ENDPROC       L?0045
  C:065CH         SYMBOL        L?0046
  -------         PROC          _LCD_POW
BL51 BANKED LINKER/LOCATER V6.22                                                      11/30/2024  20:07:00  PAGE 8


  D:0017H         SYMBOL        X
  D:0019H         SYMBOL        Y
  -------         DO            
  D:0003H         SYMBOL        i
  D:0006H         SYMBOL        Result
  -------         ENDDO         
  C:0666H         LINE#         123
  C:066EH         LINE#         124
  C:066EH         LINE#         126
  C:0672H         LINE#         127
  C:0682H         LINE#         128
  C:0682H         LINE#         129
  C:0689H         LINE#         130
  C:068CH         LINE#         131
  C:068CH         LINE#         132
  -------         ENDPROC       _LCD_POW
  -------         PROC          _LCD_SHOWNUM
  D:0007H         SYMBOL        Line
  D:0005H         SYMBOL        Column
  D:0014H         SYMBOL        Number
  D:0016H         SYMBOL        Length
  -------         DO            
  D:0002H         SYMBOL        i
  -------         ENDDO         
  C:06F0H         LINE#         142
  C:06F4H         LINE#         143
  C:06F4H         LINE#         145
  C:06F7H         LINE#         146
  C:06FFH         LINE#         147
  C:06FFH         LINE#         148
  C:0709H         LINE#         149
  C:070CH         LINE#         150
  -------         ENDPROC       _LCD_SHOWNUM
  -------         PROC          _LCD_SHOWSIGNEDNUM
  D:0007H         SYMBOL        Line
  D:0005H         SYMBOL        Column
  D:0002H         SYMBOL        Number
  D:0025H         SYMBOL        Length
  -------         DO            
  D:0002H         SYMBOL        i
  D:0026H         SYMBOL        Number1
  -------         ENDDO         
  C:05AFH         LINE#         160
  C:05AFH         LINE#         161
  C:05AFH         LINE#         164
  C:05B2H         LINE#         165
  C:05BAH         LINE#         166
  C:05BAH         LINE#         167
  C:05BFH         LINE#         168
  C:05C3H         LINE#         169
  C:05C5H         LINE#         171
  C:05C5H         LINE#         172
  C:05CAH         LINE#         173
  C:05D3H         LINE#         174
  C:05D3H         LINE#         175
  C:05DBH         LINE#         176
  C:05DBH         LINE#         177
BL51 BANKED LINKER/LOCATER V6.22                                                      11/30/2024  20:07:00  PAGE 9


  C:05E5H         LINE#         178
  C:05E8H         LINE#         179
  -------         ENDPROC       _LCD_SHOWSIGNEDNUM
  -------         PROC          _LCD_SHOWHEXNUM
  D:0007H         SYMBOL        Line
  D:0005H         SYMBOL        Column
  D:001DH         SYMBOL        Number
  D:001FH         SYMBOL        Length
  -------         DO            
  D:0002H         SYMBOL        i
  D:0006H         SYMBOL        SingleNumber
  -------         ENDDO         
  C:05E9H         LINE#         189
  C:05EDH         LINE#         190
  C:05EDH         LINE#         192
  C:05F0H         LINE#         193
  C:05F8H         LINE#         194
  C:05F8H         LINE#         195
  C:060EH         LINE#         196
  C:0614H         LINE#         197
  C:0614H         LINE#         198
  C:0616H         LINE#         199
  C:0618H         LINE#         201
  C:0618H         LINE#         202
  C:061EH         LINE#         203
  C:061EH         LINE#         204
  C:0621H         LINE#         205
  -------         ENDPROC       _LCD_SHOWHEXNUM
  -------         PROC          _LCD_SHOWBINNUM
  D:0007H         SYMBOL        Line
  D:0005H         SYMBOL        Column
  D:002AH         SYMBOL        Number
  D:002CH         SYMBOL        Length
  -------         DO            
  D:0002H         SYMBOL        i
  -------         ENDDO         
  C:0622H         LINE#         215
  C:0626H         LINE#         216
  C:0626H         LINE#         218
  C:0629H         LINE#         219
  C:0631H         LINE#         220
  C:0631H         LINE#         221
  C:0656H         LINE#         222
  C:0659H         LINE#         223
  -------         ENDPROC       _LCD_SHOWBINNUM
  -------         ENDMOD        LCD1602

  -------         MODULE        MATRIXKEY
  C:0000H         SYMBOL        _ICE_DUMMY_
  D:0090H         PUBLIC        P1
  B:0090H.0       PUBLIC        P1_0
  B:0090H.1       PUBLIC        P1_1
  B:0090H.2       PUBLIC        P1_2
  B:0090H.3       PUBLIC        P1_3
  B:0090H.4       PUBLIC        P1_4
  B:0090H.5       PUBLIC        P1_5
  B:0090H.6       PUBLIC        P1_6
BL51 BANKED LINKER/LOCATER V6.22                                                      11/30/2024  20:07:00  PAGE 10


  B:0090H.7       PUBLIC        P1_7
  C:0260H         PUBLIC        Matrixkey
  -------         PROC          MATRIXKEY
  -------         DO            
  D:0012H         SYMBOL        KeyNumber
  -------         ENDDO         
  C:0260H         LINE#         11
  C:0260H         LINE#         12
  C:0260H         LINE#         13
  C:0263H         LINE#         15
  C:0266H         LINE#         16
  C:0268H         LINE#         17
  C:027EH         LINE#         18
  C:0295H         LINE#         19
  C:02ACH         LINE#         20
  C:02C3H         LINE#         22
  C:02C6H         LINE#         23
  C:02C8H         LINE#         24
  C:02DFH         LINE#         25
  C:02F6H         LINE#         26
  C:030DH         LINE#         27
  C:0324H         LINE#         29
  C:0327H         LINE#         30
  C:0329H         LINE#         31
  C:0340H         LINE#         32
  C:0357H         LINE#         33
  C:036EH         LINE#         34
  C:0385H         LINE#         36
  C:0388H         LINE#         37
  C:038AH         LINE#         38
  C:03A1H         LINE#         39
  C:03B8H         LINE#         40
  C:03CFH         LINE#         41
  C:03E6H         LINE#         45
  C:03E8H         LINE#         47
  -------         ENDPROC       MATRIXKEY
  -------         ENDMOD        MATRIXKEY

  -------         MODULE        TIMER0
  C:0000H         SYMBOL        _ICE_DUMMY_
  B:00A8H.7       PUBLIC        EA
  D:0089H         PUBLIC        TMOD
  B:00A8H.1       PUBLIC        ET0
  B:0088H.5       PUBLIC        TF0
  C:074BH         PUBLIC        Timer0Init
  D:008CH         PUBLIC        TH0
  D:008AH         PUBLIC        TL0
  B:00B8H.1       PUBLIC        PT0
  B:0088H.4       PUBLIC        TR0
  -------         PROC          TIMER0INIT
  C:074BH         LINE#         8
  C:074BH         LINE#         9
  C:074BH         LINE#         11
  C:074EH         LINE#         12
  C:0751H         LINE#         13
  C:0754H         LINE#         14
  C:0756H         LINE#         15
BL51 BANKED LINKER/LOCATER V6.22                                                      11/30/2024  20:07:00  PAGE 11


  C:0758H         LINE#         16
  C:075AH         LINE#         17
  C:075CH         LINE#         18
  C:075EH         LINE#         19
  -------         ENDPROC       TIMER0INIT
  -------         ENDMOD        TIMER0

  -------         MODULE        BUZZER
  C:0000H         SYMBOL        _ICE_DUMMY_
  D:00A0H         PUBLIC        P2
  B:00A0H.5       PUBLIC        Buzzer
  C:0003H         PUBLIC        Buzzer_Delay500us
  C:06B0H         PUBLIC        _Buzzer_Time
  -------         PROC          BUZZER_DELAY500US
  -------         DO            
  D:0007H         SYMBOL        i
  -------         ENDDO         
  C:0003H         LINE#         12
  C:0003H         LINE#         13
  C:0003H         LINE#         16
  C:0004H         LINE#         17
  C:0006H         LINE#         18
  C:0008H         LINE#         19
  -------         ENDPROC       BUZZER_DELAY500US
  -------         PROC          _BUZZER_TIME
  D:0004H         SYMBOL        ms
  -------         DO            
  D:0002H         SYMBOL        i
  -------         ENDDO         
  C:06B0H         LINE#         27
  C:06B4H         LINE#         28
  C:06B4H         LINE#         30
  C:06C5H         LINE#         31
  C:06C5H         LINE#         32
  C:06C7H         LINE#         33
  C:06CAH         LINE#         34
  C:06D1H         LINE#         35
  -------         ENDPROC       _BUZZER_TIME
  -------         ENDMOD        BUZZER

  -------         MODULE        ?C?CLDOPTR
  C:03E9H         PUBLIC        ?C?CLDOPTR
  -------         ENDMOD        ?C?CLDOPTR

  -------         MODULE        ?C?IMUL
  C:0416H         PUBLIC        ?C?IMUL
  -------         ENDMOD        ?C?IMUL

  -------         MODULE        ?C?UIDIV
  C:0428H         PUBLIC        ?C?UIDIV
  -------         ENDMOD        ?C?UIDIV

Program Size: data=45.1 xdata=0 code=1936
LINK/LOCATE RUN COMPLETE.  0 WARNING(S),  0 ERROR(S)
