C51 COMPILER V9.57.0.0   MATRIXKEY                                                         12/02/2024 21:39:53 PAGE 1   


C51 COMPILER V9.57.0.0, COMPILATION OF MODULE MATRIXKEY
OBJECT MODULE PLACED IN .\Objects\MatrixKey.obj
COMPILER INVOKED BY: D:\keil\C51\BIN\C51.EXE MatrixKey.c OPTIMIZE(8,SPEED) BROWSE DEBUG OBJECTEXTEND PRINT(.\Listings\Ma
                    -trixKey.lst) TABS(2) OBJECT(.\Objects\MatrixKey.obj)

line level    source

   1          #include <REGX52.H>
   2          #include "Delay.h"
   3          
   4          /**
   5            * @brief 矩阵键盘
   6            * @param 无
   7            * @retval KeyNum 按下按键的键码值
   8                     如果按键按下不放，程序会停留在此函数，松手的一瞬间，返回按键键码
             -，没有按键按下时，返回0
   9            */
  10          unsigned char MatrixKey()
  11          {
  12   1        unsigned char KeyNum=0;
  13   1        
  14   1        P1=0xFF;
  15   1        P1_3=0;
  16   1        if(P1_7==0){Delay(20);while(P1_7==0);Delay(20);KeyNum=1;}
  17   1        if(P1_6==0){Delay(20);while(P1_6==0);Delay(20);KeyNum=5;}
  18   1        if(P1_5==0){Delay(20);while(P1_5==0);Delay(20);KeyNum=9;}
  19   1        if(P1_4==0){Delay(20);while(P1_4==0);Delay(20);KeyNum=13;}
  20   1        
  21   1        P1=0xFF;
  22   1        P1_2=0;
  23   1        if(P1_7==0){Delay(20);while(P1_7==0);Delay(20);KeyNum=2;}
  24   1        if(P1_6==0){Delay(20);while(P1_6==0);Delay(20);KeyNum=6;}
  25   1        if(P1_5==0){Delay(20);while(P1_5==0);Delay(20);KeyNum=10;}
  26   1        if(P1_4==0){Delay(20);while(P1_4==0);Delay(20);KeyNum=14;}
  27   1        
  28   1        P1=0xFF;
  29   1        P1_1=0;
  30   1        if(P1_7==0){Delay(20);while(P1_7==0);Delay(20);KeyNum=3;}
  31   1        if(P1_6==0){Delay(20);while(P1_6==0);Delay(20);KeyNum=7;}
  32   1        if(P1_5==0){Delay(20);while(P1_5==0);Delay(20);KeyNum=11;}
  33   1        if(P1_4==0){Delay(20);while(P1_4==0);Delay(20);KeyNum=15;}
  34   1        
  35   1        P1=0xFF;
  36   1        P1_0=0;
  37   1        if(P1_7==0){Delay(20);while(P1_7==0);Delay(20);KeyNum=4;}
  38   1        if(P1_6==0){Delay(20);while(P1_6==0);Delay(20);KeyNum=8;}
  39   1        if(P1_5==0){Delay(20);while(P1_5==0);Delay(20);KeyNum=12;}
  40   1        if(P1_4==0){Delay(20);while(P1_4==0);Delay(20);KeyNum=16;}
  41   1        
  42   1        return KeyNum;
  43   1      }


MODULE INFORMATION:   STATIC OVERLAYABLE
   CODE SIZE        =    393    ----
   CONSTANT SIZE    =   ----    ----
   XDATA SIZE       =   ----    ----
   PDATA SIZE       =   ----    ----
   DATA SIZE        =   ----       1
   IDATA SIZE       =   ----    ----
   BIT SIZE         =   ----    ----
C51 COMPILER V9.57.0.0   MATRIXKEY                                                         12/02/2024 21:39:53 PAGE 2   

END OF MODULE INFORMATION.


C51 COMPILATION COMPLETE.  0 WARNING(S),  0 ERROR(S)
