BL51 BANKED LINKER/LOCATER V6.22.2.0                                                    12/03/2024  22:25:07  PAGE 1


BL51 BANKED LINKER/LOCATER V6.22.2.0, INVOKED BY:
D:\KEIL\C51\BIN\BL51.EXE .\Objects\main.obj, .\Objects\Delay.obj, .\Objects\LCD1602.obj, .\Objects\Timer0.obj, .\Objects
>> \Nixie.obj, .\Objects\Buzzer.obj, .\Objects\MatrixKey.obj TO .\Objects\Project PRINT (.\Listings\Project.m51) RAMSIZE
>>  (256) DISABLEWARNING (15)


MEMORY MODEL: SMALL


INPUT MODULES INCLUDED:
  .\Objects\main.obj (MAIN)
  .\Objects\Delay.obj (DELAY)
  .\Objects\LCD1602.obj (LCD1602)
  .\Objects\Timer0.obj (TIMER0)
  .\Objects\Nixie.obj (NIXIE)
  .\Objects\Buzzer.obj (BUZZER)
  .\Objects\MatrixKey.obj (MATRIXKEY)
  D:\KEIL\C51\LIB\C51S.LIB (?C_STARTUP)
  D:\KEIL\C51\LIB\C51S.LIB (?C?CLDOPTR)
  D:\KEIL\C51\LIB\C51S.LIB (?C?IMUL)
  D:\KEIL\C51\LIB\C51S.LIB (?C?UIDIV)
  D:\KEIL\C51\LIB\C51S.LIB (?C_INIT)


LINK MAP OF MODULE:  .\Objects\Project (MAIN)


            TYPE    BASE      LENGTH    RELOCATION   SEGMENT NAME
            -----------------------------------------------------

            * * * * * * *   D A T A   M E M O R Y   * * * * * * *
            REG     0000H     0008H     ABSOLUTE     "REG BANK 0"
            DATA    0008H     000CH     UNIT         _DATA_GROUP_
            DATA    0014H     000BH     UNIT         ?DT?MAIN
            DATA    001FH     000AH     UNIT         ?DT?NIXIE
            DATA    0029H     0007H     UNIT         ?DT?_LCD_SHOWSIGNEDNUM?LCD1602
            DATA    0030H     0005H     UNIT         ?DT?_LCD_SHOWHEXNUM?LCD1602
            DATA    0035H     0005H     UNIT         ?DT?_LCD_SHOWBINNUM?LCD1602
            IDATA   003AH     0001H     UNIT         ?STACK

            * * * * * * *   C O D E   M E M O R Y   * * * * * * *
            CODE    0000H     0003H     ABSOLUTE     
            CODE    0003H     0006H     UNIT         ?PR?BUZZER_DELAY500US?BUZZER
                    0009H     0002H                  *** GAP ***
            CODE    000BH     0003H     ABSOLUTE     
            CODE    000EH     0189H     UNIT         ?PR?MATRIXKEY?MATRIXKEY
            CODE    0197H     015CH     UNIT         ?PR?MAIN?MAIN
            CODE    02F3H     0111H     UNIT         ?PR?TIMER0_ROUTINE?MAIN
            CODE    0404H     0094H     UNIT         ?C?LIB_CODE
            CODE    0498H     008CH     UNIT         ?C_C51STARTUP
            CODE    0524H     006DH     UNIT         ?PR?_NIXIE?NIXIE
            CODE    0591H     003AH     UNIT         ?PR?_LCD_SHOWSIGNEDNUM?LCD1602
            CODE    05CBH     0039H     UNIT         ?PR?_LCD_SHOWHEXNUM?LCD1602
            CODE    0604H     0038H     UNIT         ?PR?_LCD_SHOWBINNUM?LCD1602
            CODE    063CH     0033H     UNIT         ?PR?_LCD_POW?LCD1602
            CODE    066FH     002DH     UNIT         ?CO?MAIN
            CODE    069CH     0023H     UNIT         ?PR?_LCD_SHOWSTRING?LCD1602
            CODE    06BFH     0022H     UNIT         ?PR?_BUZZER_TIME?BUZZER
BL51 BANKED LINKER/LOCATER V6.22.2.0                                                  12/03/2024  22:25:07  PAGE 2


            CODE    06E1H     001EH     UNIT         ?PR?_LCD_WRITEDATA?LCD1602
            CODE    06FFH     001DH     UNIT         ?PR?_LCD_SHOWNUM?LCD1602
            CODE    071CH     0017H     UNIT         ?PR?TIMER0INIT?TIMER0
            CODE    0733H     0016H     UNIT         ?PR?_LCD_SETCURSOR?LCD1602
            CODE    0749H     0015H     UNIT         ?C_INITSEG
            CODE    075EH     0015H     UNIT         ?PR?_DELAY?DELAY
            CODE    0773H     0014H     UNIT         ?PR?LCD_INIT?LCD1602
            CODE    0787H     000FH     UNIT         ?PR?LCD_DELAY?LCD1602
            CODE    0796H     000AH     UNIT         ?PR?_LCD_WRITECOMMAND?LCD1602
            CODE    07A0H     000AH     UNIT         ?PR?_LCD_SHOWCHAR?LCD1602



OVERLAY MAP OF MODULE:   .\Objects\Project (MAIN)


SEGMENT                                  DATA_GROUP 
  +--> CALLED SEGMENT                  START    LENGTH
------------------------------------------------------
?PR?TIMER0_ROUTINE?MAIN                -----    -----
  +--> ?PR?_BUZZER_TIME?BUZZER
  +--> ?PR?_DELAY?DELAY
  +--> ?CO?MAIN
  +--> ?PR?_LCD_SHOWSTRING?LCD1602

?PR?_BUZZER_TIME?BUZZER                -----    -----
  +--> ?PR?BUZZER_DELAY500US?BUZZER

?PR?_LCD_SHOWSTRING?LCD1602            000BH    0003H
  +--> ?PR?_LCD_SETCURSOR?LCD1602
  +--> ?PR?_LCD_WRITEDATA?LCD1602

?PR?_LCD_SETCURSOR?LCD1602             -----    -----
  +--> ?PR?_LCD_WRITECOMMAND?LCD1602

?PR?_LCD_WRITECOMMAND?LCD1602          -----    -----
  +--> ?PR?LCD_DELAY?LCD1602

?PR?_LCD_WRITEDATA?LCD1602             -----    -----
  +--> ?PR?LCD_DELAY?LCD1602

*** NEW ROOT ***************************************************

?C_C51STARTUP                          -----    -----
  +--> ?PR?MAIN?MAIN
  +--> ?C_INITSEG

?PR?MAIN?MAIN                          -----    -----
  +--> ?PR?LCD_INIT?LCD1602
  +--> ?PR?TIMER0INIT?TIMER0
  +--> ?CO?MAIN
  +--> ?PR?_LCD_SHOWSTRING?LCD1602
  +--> ?PR?_NIXIE?NIXIE
  +--> ?PR?_DELAY?DELAY
  +--> ?PR?MATRIXKEY?MATRIXKEY
  +--> ?PR?_LCD_SHOWNUM?LCD1602

BL51 BANKED LINKER/LOCATER V6.22.2.0                                                  12/03/2024  22:25:07  PAGE 3


?PR?LCD_INIT?LCD1602                   -----    -----
  +--> ?PR?_LCD_WRITECOMMAND?LCD1602

?PR?_NIXIE?NIXIE                       -----    -----
  +--> ?PR?_DELAY?DELAY

?PR?MATRIXKEY?MATRIXKEY                000BH    0001H
  +--> ?PR?_DELAY?DELAY

?PR?_LCD_SHOWNUM?LCD1602               000BH    0005H
  +--> ?PR?_LCD_SETCURSOR?LCD1602
  +--> ?PR?_LCD_POW?LCD1602
  +--> ?PR?_LCD_WRITEDATA?LCD1602

?PR?_LCD_POW?LCD1602                   0010H    0004H



SYMBOL TABLE OF MODULE:  .\Objects\Project (MAIN)

  VALUE           TYPE          NAME
  ----------------------------------

  -------         MODULE        MAIN
  C:0000H         SYMBOL        _ICE_DUMMY_
  C:02F3H         PUBLIC        Timer0_Routine
  D:00A0H         PUBLIC        P2
  D:0016H         PUBLIC        Count
  D:0018H         PUBLIC        flag
  D:001AH         PUBLIC        Sec
  C:0197H         PUBLIC        main
  D:008CH         PUBLIC        TH0
  D:008AH         PUBLIC        TL0
  D:001CH         PUBLIC        KeyNum
  D:001DH         PUBLIC        password
  -------         PROC          MAIN
  C:0197H         LINE#         15
  C:0197H         LINE#         16
  C:0197H         LINE#         17
  C:019AH         LINE#         18
  C:019DH         LINE#         19
  C:01AAH         LINE#         21
  C:01AAH         LINE#         22
  C:01AAH         LINE#         23
  C:01BEH         LINE#         24
  C:01C5H         LINE#         25
  C:01D5H         LINE#         26
  C:01DCH         LINE#         27
  C:01E1H         LINE#         28
  C:01E5H         LINE#         29
  C:01E5H         LINE#         30
  C:01EAH         LINE#         31
  C:01EAH         LINE#         32
  C:01F5H         LINE#         33
  C:01F5H         LINE#         34
  C:0204H         LINE#         35
  C:0215H         LINE#         36
BL51 BANKED LINKER/LOCATER V6.22.2.0                                                  12/03/2024  22:25:07  PAGE 4


  C:021DH         LINE#         37
  C:021DH         LINE#         38
  C:021DH         LINE#         39
  C:022BH         LINE#         40
  C:022BH         LINE#         41
  C:0234H         LINE#         42
  C:0234H         LINE#         43
  C:0240H         LINE#         44
  C:0240H         LINE#         45
  C:024DH         LINE#         46
  C:025AH         LINE#         47
  C:0261H         LINE#         48
  C:0268H         LINE#         49
  C:026FH         LINE#         50
  C:0276H         LINE#         51
  C:0283H         LINE#         52
  C:0288H         LINE#         53
  C:028DH         LINE#         54
  C:028DH         LINE#         55
  C:0299H         LINE#         56
  C:0299H         LINE#         57
  C:029EH         LINE#         58
  C:02A2H         LINE#         59
  C:02AFH         LINE#         60
  C:02B6H         LINE#         61
  C:02C3H         LINE#         62
  C:02D1H         LINE#         63
  C:02D1H         LINE#         64
  C:02D1H         LINE#         65
  C:02DAH         LINE#         66
  C:02DAH         LINE#         67
  C:02DEH         LINE#         68
  C:02E2H         LINE#         69
  C:02F0H         LINE#         70
  C:02F0H         LINE#         71
  -------         ENDPROC       MAIN
  -------         PROC          TIMER0_ROUTINE
  -------         DO            
  D:0014H         SYMBOL        T0Count
  -------         ENDDO         
  C:02F3H         LINE#         73
  C:0310H         LINE#         76
  C:0313H         LINE#         77
  C:0316H         LINE#         78
  C:031EH         LINE#         79
  C:032AH         LINE#         80
  C:032AH         LINE#         81
  C:0330H         LINE#         82
  C:0338H         LINE#         83
  C:0338H         LINE#         84
  C:033CH         LINE#         85
  C:033CH         LINE#         86
  C:0345H         LINE#         87
  C:0345H         LINE#         88
  C:034DH         LINE#         89
  C:0358H         LINE#         90
  C:0358H         LINE#         91
BL51 BANKED LINKER/LOCATER V6.22.2.0                                                  12/03/2024  22:25:07  PAGE 5


  C:035FH         LINE#         92
  C:035FH         LINE#         93
  C:0374H         LINE#         94
  C:0374H         LINE#         95
  C:037BH         LINE#         96
  C:0382H         LINE#         97
  C:0389H         LINE#         98
  C:0390H         LINE#         99
  C:0390H         LINE#         100
  C:03A5H         LINE#         101
  C:03A5H         LINE#         102
  C:03ACH         LINE#         103
  C:03B3H         LINE#         104
  C:03BAH         LINE#         105
  C:03C1H         LINE#         106
  C:03C8H         LINE#         107
  C:03CFH         LINE#         108
  C:03CFH         LINE#         109
  C:03D5H         LINE#         110
  C:03D5H         LINE#         111
  C:03E2H         LINE#         112
  C:03E9H         LINE#         113
  C:03E9H         LINE#         114
  C:03E9H         LINE#         115
  C:03E9H         LINE#         116
  -------         ENDPROC       TIMER0_ROUTINE
  -------         ENDMOD        MAIN

  -------         MODULE        DELAY
  C:0000H         SYMBOL        _ICE_DUMMY_
  C:075EH         PUBLIC        _Delay
  -------         PROC          _DELAY
  D:0006H         SYMBOL        xms
  -------         DO            
  D:0005H         SYMBOL        i
  D:0004H         SYMBOL        j
  -------         ENDDO         
  C:075EH         LINE#         3
  C:075EH         LINE#         4
  C:075EH         LINE#         6
  C:0768H         LINE#         7
  C:0768H         LINE#         8
  C:076AH         LINE#         9
  C:076CH         LINE#         11
  C:076CH         LINE#         12
  C:076EH         LINE#         13
  C:0770H         LINE#         14
  C:0772H         LINE#         16
  -------         ENDPROC       _DELAY
  -------         ENDMOD        DELAY

  -------         MODULE        LCD1602
  C:0000H         SYMBOL        _ICE_DUMMY_
  D:0080H         PUBLIC        P0
  D:00A0H         PUBLIC        P2
  C:0796H         PUBLIC        _LCD_WriteCommand
  C:06FFH         PUBLIC        _LCD_ShowNum
BL51 BANKED LINKER/LOCATER V6.22.2.0                                                  12/03/2024  22:25:07  PAGE 6


  C:0604H         PUBLIC        _LCD_ShowBinNum
  C:078DH         PUBLIC        LCD_Delay
  C:05CBH         PUBLIC        _LCD_ShowHexNum
  C:06F5H         PUBLIC        _LCD_WriteData
  B:00A0H.7       PUBLIC        LCD_EN
  C:0773H         PUBLIC        LCD_Init
  C:069CH         PUBLIC        _LCD_ShowString
  C:07A0H         PUBLIC        _LCD_ShowChar
  B:00A0H.6       PUBLIC        LCD_RS
  B:00A0H.5       PUBLIC        LCD_RW
  C:0733H         PUBLIC        _LCD_SetCursor
  C:0591H         PUBLIC        _LCD_ShowSignedNum
  C:0648H         PUBLIC        _LCD_Pow
  -------         PROC          L?0048
  -------         ENDPROC       L?0048
  -------         PROC          LCD_DELAY
  -------         DO            
  D:0007H         SYMBOL        i
  D:0006H         SYMBOL        j
  -------         ENDDO         
  C:078DH         LINE#         15
  C:078DH         LINE#         16
  C:078DH         LINE#         19
  C:078FH         LINE#         20
  C:0791H         LINE#         22
  C:0791H         LINE#         23
  C:0793H         LINE#         24
  C:0795H         LINE#         25
  -------         ENDPROC       LCD_DELAY
  -------         PROC          _LCD_WRITECOMMAND
  D:0007H         SYMBOL        Command
  C:0796H         LINE#         32
  C:0796H         LINE#         33
  C:0796H         LINE#         34
  C:0798H         LINE#         35
  C:0798H         LINE#         36
  C:0798H         LINE#         37
  C:0798H         LINE#         38
  C:079BH         LINE#         39
  C:079DH         LINE#         40
  -------         ENDPROC       _LCD_WRITECOMMAND
  -------         PROC          L?0047
  -------         ENDPROC       L?0047
  -------         PROC          _LCD_WRITEDATA
  D:0007H         SYMBOL        Data
  C:06F5H         LINE#         48
  C:06F5H         LINE#         49
  C:06F5H         LINE#         50
  C:06F7H         LINE#         51
  C:06F7H         LINE#         52
  C:06F7H         LINE#         53
  C:06F7H         LINE#         54
  C:06FAH         LINE#         55
  C:06FCH         LINE#         56
  -------         ENDPROC       _LCD_WRITEDATA
  -------         PROC          _LCD_SETCURSOR
  D:0006H         SYMBOL        Line
BL51 BANKED LINKER/LOCATER V6.22.2.0                                                  12/03/2024  22:25:07  PAGE 7


  D:0005H         SYMBOL        Column
  C:0733H         LINE#         65
  C:0735H         LINE#         66
  C:0735H         LINE#         67
  C:0738H         LINE#         68
  C:0738H         LINE#         69
  C:073AH         LINE#         70
  C:073CH         LINE#         71
  C:073FH         LINE#         72
  C:073FH         LINE#         73
  C:0748H         LINE#         74
  C:0748H         LINE#         75
  -------         ENDPROC       _LCD_SETCURSOR
  -------         PROC          LCD_INIT
  C:0773H         LINE#         82
  C:0773H         LINE#         83
  C:0773H         LINE#         84
  C:0778H         LINE#         85
  C:077DH         LINE#         86
  C:0782H         LINE#         87
  -------         ENDPROC       LCD_INIT
  -------         PROC          _LCD_SHOWCHAR
  D:0006H         SYMBOL        Line
  D:0005H         SYMBOL        Column
  D:0004H         SYMBOL        Char
  C:07A0H         LINE#         97
  C:07A2H         LINE#         98
  C:07A2H         LINE#         99
  C:07A5H         LINE#         100
  -------         ENDPROC       _LCD_SHOWCHAR
  -------         PROC          _LCD_SHOWSTRING
  D:0007H         SYMBOL        Line
  D:0005H         SYMBOL        Column
  D:000BH         SYMBOL        String
  -------         DO            
  D:0005H         SYMBOL        i
  -------         ENDDO         
  C:069CH         LINE#         110
  C:06A2H         LINE#         111
  C:06A2H         LINE#         113
  C:06A5H         LINE#         114
  C:06B8H         LINE#         115
  C:06B8H         LINE#         116
  C:06BBH         LINE#         117
  C:06BEH         LINE#         118
  -------         ENDPROC       _LCD_SHOWSTRING
  C:063EH         SYMBOL        L?0046
  -------         PROC          L?0045
  -------         ENDPROC       L?0045
  C:063EH         SYMBOL        L?0046
  -------         PROC          _LCD_POW
  D:0010H         SYMBOL        X
  D:0012H         SYMBOL        Y
  -------         DO            
  D:0003H         SYMBOL        i
  D:0006H         SYMBOL        Result
  -------         ENDDO         
BL51 BANKED LINKER/LOCATER V6.22.2.0                                                  12/03/2024  22:25:07  PAGE 8


  C:0648H         LINE#         123
  C:0650H         LINE#         124
  C:0650H         LINE#         126
  C:0654H         LINE#         127
  C:0664H         LINE#         128
  C:0664H         LINE#         129
  C:066BH         LINE#         130
  C:066EH         LINE#         131
  C:066EH         LINE#         132
  -------         ENDPROC       _LCD_POW
  -------         PROC          _LCD_SHOWNUM
  D:0007H         SYMBOL        Line
  D:0005H         SYMBOL        Column
  D:000DH         SYMBOL        Number
  D:000FH         SYMBOL        Length
  -------         DO            
  D:0002H         SYMBOL        i
  -------         ENDDO         
  C:06FFH         LINE#         142
  C:0703H         LINE#         143
  C:0703H         LINE#         145
  C:0706H         LINE#         146
  C:070EH         LINE#         147
  C:070EH         LINE#         148
  C:0718H         LINE#         149
  C:071BH         LINE#         150
  -------         ENDPROC       _LCD_SHOWNUM
  -------         PROC          _LCD_SHOWSIGNEDNUM
  D:0007H         SYMBOL        Line
  D:0005H         SYMBOL        Column
  D:0002H         SYMBOL        Number
  D:002DH         SYMBOL        Length
  -------         DO            
  D:0002H         SYMBOL        i
  D:002EH         SYMBOL        Number1
  -------         ENDDO         
  C:0591H         LINE#         160
  C:0591H         LINE#         161
  C:0591H         LINE#         164
  C:0594H         LINE#         165
  C:059CH         LINE#         166
  C:059CH         LINE#         167
  C:05A1H         LINE#         168
  C:05A5H         LINE#         169
  C:05A7H         LINE#         171
  C:05A7H         LINE#         172
  C:05ACH         LINE#         173
  C:05B5H         LINE#         174
  C:05B5H         LINE#         175
  C:05BDH         LINE#         176
  C:05BDH         LINE#         177
  C:05C7H         LINE#         178
  C:05CAH         LINE#         179
  -------         ENDPROC       _LCD_SHOWSIGNEDNUM
  -------         PROC          _LCD_SHOWHEXNUM
  D:0007H         SYMBOL        Line
  D:0005H         SYMBOL        Column
BL51 BANKED LINKER/LOCATER V6.22.2.0                                                  12/03/2024  22:25:07  PAGE 9


  D:0032H         SYMBOL        Number
  D:0034H         SYMBOL        Length
  -------         DO            
  D:0002H         SYMBOL        i
  D:0006H         SYMBOL        SingleNumber
  -------         ENDDO         
  C:05CBH         LINE#         189
  C:05CFH         LINE#         190
  C:05CFH         LINE#         192
  C:05D2H         LINE#         193
  C:05DAH         LINE#         194
  C:05DAH         LINE#         195
  C:05F0H         LINE#         196
  C:05F6H         LINE#         197
  C:05F6H         LINE#         198
  C:05F8H         LINE#         199
  C:05FAH         LINE#         201
  C:05FAH         LINE#         202
  C:0600H         LINE#         203
  C:0600H         LINE#         204
  C:0603H         LINE#         205
  -------         ENDPROC       _LCD_SHOWHEXNUM
  -------         PROC          _LCD_SHOWBINNUM
  D:0007H         SYMBOL        Line
  D:0005H         SYMBOL        Column
  D:0037H         SYMBOL        Number
  D:0039H         SYMBOL        Length
  -------         DO            
  D:0002H         SYMBOL        i
  -------         ENDDO         
  C:0604H         LINE#         215
  C:0608H         LINE#         216
  C:0608H         LINE#         218
  C:060BH         LINE#         219
  C:0613H         LINE#         220
  C:0613H         LINE#         221
  C:0638H         LINE#         222
  C:063BH         LINE#         223
  -------         ENDPROC       _LCD_SHOWBINNUM
  -------         ENDMOD        LCD1602

  -------         MODULE        TIMER0
  C:0000H         SYMBOL        _ICE_DUMMY_
  B:00A8H.7       PUBLIC        EA
  D:0089H         PUBLIC        TMOD
  B:00A8H.1       PUBLIC        ET0
  B:0088H.5       PUBLIC        TF0
  C:071CH         PUBLIC        Timer0Init
  D:008CH         PUBLIC        TH0
  D:008AH         PUBLIC        TL0
  B:00B8H.1       PUBLIC        PT0
  B:0088H.4       PUBLIC        TR0
  -------         PROC          TIMER0INIT
  C:071CH         LINE#         9
  C:071CH         LINE#         10
  C:071CH         LINE#         12
  C:071FH         LINE#         13
BL51 BANKED LINKER/LOCATER V6.22.2.0                                                  12/03/2024  22:25:07  PAGE 10


  C:0722H         LINE#         14
  C:0725H         LINE#         15
  C:0728H         LINE#         16
  C:072AH         LINE#         17
  C:072CH         LINE#         18
  C:072EH         LINE#         19
  C:0730H         LINE#         20
  C:0732H         LINE#         21
  -------         ENDPROC       TIMER0INIT
  -------         ENDMOD        TIMER0

  -------         MODULE        NIXIE
  C:0000H         SYMBOL        _ICE_DUMMY_
  C:0524H         PUBLIC        _Nixie
  D:0080H         PUBLIC        P0
  B:00A0H.2       PUBLIC        P2_2
  B:00A0H.3       PUBLIC        P2_3
  B:00A0H.4       PUBLIC        P2_4
  D:001FH         PUBLIC        NixieTable
  -------         PROC          _NIXIE
  D:0007H         SYMBOL        Location
  D:0004H         SYMBOL        Number
  C:0524H         LINE#         6
  C:0524H         LINE#         7
  C:0524H         LINE#         8
  C:0551H         LINE#         9
  C:0551H         LINE#         10
  C:0555H         LINE#         11
  C:0559H         LINE#         12
  C:055DH         LINE#         13
  C:0561H         LINE#         14
  C:0569H         LINE#         15
  C:0571H         LINE#         16
  C:0579H         LINE#         17
  C:057FH         LINE#         18
  C:057FH         LINE#         19
  C:0586H         LINE#         20
  C:058DH         LINE#         21
  C:0590H         LINE#         22
  -------         ENDPROC       _NIXIE
  -------         ENDMOD        NIXIE

  -------         MODULE        BUZZER
  C:0000H         SYMBOL        _ICE_DUMMY_
  D:00A0H         PUBLIC        P2
  B:00A0H.5       PUBLIC        Buzzer
  C:0003H         PUBLIC        Buzzer_Delay500us
  C:06BFH         PUBLIC        _Buzzer_Time
  -------         PROC          BUZZER_DELAY500US
  -------         DO            
  D:0007H         SYMBOL        i
  -------         ENDDO         
  C:0003H         LINE#         13
  C:0003H         LINE#         14
  C:0003H         LINE#         17
  C:0004H         LINE#         18
  C:0006H         LINE#         19
BL51 BANKED LINKER/LOCATER V6.22.2.0                                                  12/03/2024  22:25:07  PAGE 11


  C:0008H         LINE#         20
  -------         ENDPROC       BUZZER_DELAY500US
  -------         PROC          _BUZZER_TIME
  D:0004H         SYMBOL        ms
  -------         DO            
  D:0002H         SYMBOL        i
  -------         ENDDO         
  C:06BFH         LINE#         26
  C:06C3H         LINE#         27
  C:06C3H         LINE#         29
  C:06D4H         LINE#         30
  C:06D4H         LINE#         31
  C:06D6H         LINE#         32
  C:06D9H         LINE#         33
  C:06E0H         LINE#         34
  -------         ENDPROC       _BUZZER_TIME
  -------         ENDMOD        BUZZER

  -------         MODULE        MATRIXKEY
  C:0000H         SYMBOL        _ICE_DUMMY_
  D:0090H         PUBLIC        P1
  B:0090H.0       PUBLIC        P1_0
  B:0090H.1       PUBLIC        P1_1
  B:0090H.2       PUBLIC        P1_2
  B:0090H.3       PUBLIC        P1_3
  B:0090H.4       PUBLIC        P1_4
  B:0090H.5       PUBLIC        P1_5
  B:0090H.6       PUBLIC        P1_6
  B:0090H.7       PUBLIC        P1_7
  C:000EH         PUBLIC        MatrixKey
  -------         PROC          MATRIXKEY
  -------         DO            
  D:000BH         SYMBOL        KeyNum
  -------         ENDDO         
  C:000EH         LINE#         10
  C:000EH         LINE#         11
  C:000EH         LINE#         12
  C:0011H         LINE#         14
  C:0014H         LINE#         15
  C:0016H         LINE#         16
  C:002CH         LINE#         17
  C:0043H         LINE#         18
  C:005AH         LINE#         19
  C:0071H         LINE#         21
  C:0074H         LINE#         22
  C:0076H         LINE#         23
  C:008DH         LINE#         24
  C:00A4H         LINE#         25
  C:00BBH         LINE#         26
  C:00D2H         LINE#         28
  C:00D5H         LINE#         29
  C:00D7H         LINE#         30
  C:00EEH         LINE#         31
  C:0105H         LINE#         32
  C:011CH         LINE#         33
  C:0133H         LINE#         35
  C:0136H         LINE#         36
BL51 BANKED LINKER/LOCATER V6.22.2.0                                                  12/03/2024  22:25:07  PAGE 12


  C:0138H         LINE#         37
  C:014FH         LINE#         38
  C:0166H         LINE#         39
  C:017DH         LINE#         40
  C:0194H         LINE#         42
  C:0196H         LINE#         43
  -------         ENDPROC       MATRIXKEY
  -------         ENDMOD        MATRIXKEY

  -------         MODULE        ?C?CLDOPTR
  C:0404H         PUBLIC        ?C?CLDOPTR
  -------         ENDMOD        ?C?CLDOPTR

  -------         MODULE        ?C?IMUL
  C:0431H         PUBLIC        ?C?IMUL
  -------         ENDMOD        ?C?IMUL

  -------         MODULE        ?C?UIDIV
  C:0443H         PUBLIC        ?C?UIDIV
  -------         ENDMOD        ?C?UIDIV

*** WARNING L16: UNCALLED SEGMENT, IGNORED FOR OVERLAY PROCESS
    SEGMENT: ?PR?_LCD_SHOWCHAR?LCD1602

*** WARNING L16: UNCALLED SEGMENT, IGNORED FOR OVERLAY PROCESS
    SEGMENT: ?PR?_LCD_SHOWSIGNEDNUM?LCD1602

*** WARNING L16: UNCALLED SEGMENT, IGNORED FOR OVERLAY PROCESS
    SEGMENT: ?PR?_LCD_SHOWHEXNUM?LCD1602

*** WARNING L16: UNCALLED SEGMENT, IGNORED FOR OVERLAY PROCESS
    SEGMENT: ?PR?_LCD_SHOWBINNUM?LCD1602

Program Size: data=59.0 xdata=0 code=1960
LINK/LOCATE RUN COMPLETE.  4 WARNING(S),  0 ERROR(S)
